// Jest Snapshot v1, https://goo.gl/fbAQLP

exports[`Skeleton se renderiza correctamente 1`] = `
<DocumentFragment>
  <div
    class="mb-24 md:mb-0"
  >
    <div
      class="block h-full rounded-lg bg-white shadow-[0_2px_15px_-3px_rgba(0,0,0,0.07),0_10px_20px_-2px_rgba(0,0,0,0.04)] animate-pulse"
    >
      <div
        class="flex justify-center"
      >
        <div
          class="flex justify-center -mt-[75px]"
        >
          <div
            class="rounded-full bg-slate-700 h-[150px] w-[150px]"
          />
        </div>
      </div>
      <div
        class="px-6 my-1 pb-6 pt-0"
      >
        <div
          class="h-5 w-20 bg-slate-700 rounded"
        />
        <div
          class="h-5 w-16 bg-slate-700 rounded mt-2"
        />
        <div
          class="mt-6 flex gap-1"
        >
          <div
            class="h-5 w-5 bg-slate-700 rounded"
          />
          <div
            class="h-5 w-2/4 bg-slate-700 rounded"
          />
        </div>
        <div
          class="mt-3 flex gap-1"
        >
          <div
            class="h-5 w-5 bg-slate-700 rounded"
          />
          <div
            class="h-5 w-2/4 bg-slate-700 rounded"
          />
        </div>
        <div
          class="mt-3 flex gap-1"
        >
          <div
            class="h-5 w-5 bg-slate-700 rounded"
          />
          <div
            class="h-5 w-2/4 bg-slate-700 rounded"
          />
        </div>
        <div
          class="mt-3 flex gap-1"
        >
          <div
            class="h-5 w-5 bg-slate-700 rounded"
          />
          <div
            class="h-5 w-2/4 bg-slate-700 rounded"
          />
        </div>
        <div
          class="h-9 w-24 bg-slate-700 rounded mx-auto mt-4"
        />
      </div>
    </div>
  </div>
</DocumentFragment>
`;
